---
source: crates/agentgateway/src/types/local_tests.rs
description: "Config normalization test for llm_simple: YAML -> LocalConfig -> NormalizedLocalConfig -> YAML"
---
binds:
- key: bind/4000
  address: '[::]:4000'
  protocol: http
  tunnelProtocol: direct
  listeners:
    llm:
      key: llm
      gatewayName: llm
      gatewayNamespace: internal
      listenerName: llm
      hostname: '*'
      protocol: HTTP
      routes:
        llm:model:gemini-0.5-pro:
          key: llm:model:gemini-0.5-pro
          name: model:gemini-0.5-pro
          namespace: internal
          matches:
          - headers:
            - name: x-gateway-model-name
              value:
                exact: gemini-0.5-pro
            path:
              pathPrefix: /
          backends:
          - weight: 1
            backend: /llm:gemini-0.5-pro
          inlinePolicies:
          - ai:
              routes:
                /v1/chat/completions: completions
                /v1/embeddings: embeddings
                /v1/responses: responses
                /v1/messages: messages
                '*': passthrough
        llm:admin:model-list:
          key: llm:admin:model-list
          name: admin:model-list
          namespace: internal
          matches:
          - path:
              pathPrefix: /v1/models
          - path:
              pathPrefix: /models
          inlinePolicies:
          - directResponse:
              body: eyJkYXRhIjpbeyJpZCI6ImNsYXVkZS0zLWhhaWt1Iiwib2JqZWN0IjoibW9kZWwiLCJjcmVhdGVkIjoxNzcxMjgzOTE3LCJvd25lZF9ieSI6Im9wZW5haSJ9LHsiaWQiOiJnZW1pbmktMC41LXBybyIsIm9iamVjdCI6Im1vZGVsIiwiY3JlYXRlZCI6MTc3MTI4MzkxNywib3duZWRfYnkiOiJvcGVuYWkifSx7ImlkIjoiZ3B0LTctbWF4Iiwib2JqZWN0IjoibW9kZWwiLCJjcmVhdGVkIjoxNzcxMjgzOTE3LCJvd25lZF9ieSI6Im9wZW5haSJ9LHsiaWQiOiJncHQtMy41LXR1cmJvIiwib2JqZWN0IjoibW9kZWwiLCJjcmVhdGVkIjoxNzcxMjgzOTE3LCJvd25lZF9ieSI6Im9wZW5haSJ9XSwib2JqZWN0IjoibGlzdCJ9
              status: 200
        llm:model:gpt-7-max:
          key: llm:model:gpt-7-max
          name: model:gpt-7-max
          namespace: internal
          matches:
          - headers:
            - name: x-gateway-model-name
              value:
                exact: gpt-7-max
            path:
              pathPrefix: /
          backends:
          - weight: 1
            backend: /llm:gpt-7-max
          inlinePolicies:
          - ai:
              routes:
                /v1/chat/completions: completions
                /v1/embeddings: embeddings
                /v1/responses: responses
                /v1/messages: messages
                '*': passthrough
        llm:model:gpt-3.5-turbo:
          key: llm:model:gpt-3.5-turbo
          name: model:gpt-3.5-turbo
          namespace: internal
          matches:
          - headers:
            - name: x-gateway-model-name
              value:
                exact: gpt-3.5-turbo
            path:
              pathPrefix: /
          backends:
          - weight: 1
            backend: /llm:gpt-3.5-turbo
          inlinePolicies:
          - ai:
              routes:
                /v1/chat/completions: completions
                /v1/embeddings: embeddings
                /v1/responses: responses
                /v1/messages: messages
                '*': passthrough
        llm:model:claude-3-haiku:
          key: llm:model:claude-3-haiku
          name: model:claude-3-haiku
          namespace: internal
          matches:
          - headers:
            - name: x-gateway-model-name
              value:
                exact: claude-3-haiku
            path:
              pathPrefix: /
          backends:
          - weight: 1
            backend: /llm:claude-3-haiku
          inlinePolicies:
          - ai:
              routes:
                /v1/chat/completions: completions
                /v1/embeddings: embeddings
                /v1/responses: responses
                /v1/messages: messages
                '*': passthrough
      tcpRoutes: {}
policies:
- key: llm:transformation
  name:
    kind: Local
    name: llm:transformation
    namespace: internal
  target:
    gateway:
      gatewayName: llm
      gatewayNamespace: internal
      listenerName: llm
  policy:
    traffic:
      phase: gateway
      transformation:
        request:
          add: []
          set:
          - - x-gateway-model-name
            - json(request.body).model
          remove: []
          body: null
        response:
          add: []
          set: []
          remove: []
          body: null
- key: frontend/accessLog
  name: null
  target:
    gateway:
      gatewayName: name
      gatewayNamespace: ns
      listenerName: null
  policy:
    frontend:
      accessLog:
        add:
          body: variables()
          wtf: ba
backends:
- backend:
    ai:
      name: llm:claude-3-haiku
      namespace: ''
      target:
        providers:
        - active:
            claude-3-haiku:
              endpoint:
                name: claude-3-haiku
                provider:
                  anthropic:
                    model: claude-3-5-haiku-20241022
                hostOverride: null
                pathOverride: null
                tokenize: false
                inlinePolicies:
                - backendAuth:
                    key: <redacted>
              info:
                health: 1.0
                request_latency: 0.0
                pending_requests: 0
                total_requests: 0
                evicted_until: null
          rejected: {}
  inlinePolicies:
  - ai: {}
- backend:
    ai:
      name: llm:gemini-0.5-pro
      namespace: ''
      target:
        providers:
        - active:
            gemini-0.5-pro:
              endpoint:
                name: gemini-0.5-pro
                provider:
                  vertex:
                    model: claude-3-5-haiku-20241022
                    region: global
                    projectId: my-vertex-project
                hostOverride: null
                pathOverride: null
                tokenize: false
                inlinePolicies:
                - backendAuth:
                    key: <redacted>
              info:
                health: 1.0
                request_latency: 0.0
                pending_requests: 0
                total_requests: 0
                evicted_until: null
          rejected: {}
  inlinePolicies:
  - ai: {}
- backend:
    ai:
      name: llm:gpt-7-max
      namespace: ''
      target:
        providers:
        - active:
            gpt-7-max:
              endpoint:
                name: gpt-7-max
                provider:
                  azureOpenAI:
                    model: gpt-3.5-turbo
                    host: my-azure-openai-endpoint.openai.azure.com
                    apiVersion: v1
                hostOverride: null
                pathOverride: null
                tokenize: false
              info:
                health: 1.0
                request_latency: 0.0
                pending_requests: 0
                total_requests: 0
                evicted_until: null
          rejected: {}
  inlinePolicies:
  - ai: {}
- backend:
    ai:
      name: llm:gpt-3.5-turbo
      namespace: ''
      target:
        providers:
        - active:
            gpt-3.5-turbo:
              endpoint:
                name: gpt-3.5-turbo
                provider:
                  openAI: {}
                hostOverride: null
                pathOverride: null
                tokenize: false
              info:
                health: 1.0
                request_latency: 0.0
                pending_requests: 0
                total_requests: 0
                evicted_until: null
          rejected: {}
  inlinePolicies:
  - ai: {}
workloads: []
services: []
