---
source: crates/agentgateway/src/llm/tests.rs
description: src/llm/tests/response/detect/gpt-image-1.json
info:
  created_at: 1772657185
  type: image_generation.completed
  model: gpt-image-1
  service_tier: default
  usage:
    input_tokens: 1320
    input_tokens_details:
      image_tokens: 1200
      text_tokens: 120
    output_tokens: 2048
    output_tokens_details:
      image_tokens: 2048
      text_tokens: 32
    total_tokens: 3368
---
{
  "response": {
    "created_at": 1772657185,
    "type": "image_generation.completed",
    "model": "gpt-image-1",
    "service_tier": "default",
    "usage": {
      "input_tokens": 1320,
      "input_tokens_details": {
        "image_tokens": 1200,
        "text_tokens": 120
      },
      "output_tokens": 2048,
      "output_tokens_details": {
        "image_tokens": 2048,
        "text_tokens": 32
      },
      "total_tokens": 3368
    }
  },
  "parsed": {
    "input_tokens": 1320,
    "input_image_tokens": 1200,
    "input_text_tokens": 120,
    "output_tokens": 2048,
    "output_image_tokens": 2048,
    "output_text_tokens": 32,
    "total_tokens": 3368,
    "service_tier": "default",
    "provider_model": "gpt-image-1"
  }
}
