---
source: crates/agentgateway/src/llm/tests.rs
description: src/llm/tests/requests/completions/reasoning-opus-48-provider-model.json
info:
  model: gpt-5
  messages:
    - role: user
      content: Deeply analyze this topic.
  max_completion_tokens: 64
  reasoning_effort: medium
---
{
  "modelId": "gpt-5",
  "messages": [
    {
      "role": "user",
      "content": [
        {
          "text": "Deeply analyze this topic."
        }
      ]
    }
  ],
  "inferenceConfig": {
    "maxTokens": 64
  },
  "additionalModelRequestFields": {
    "thinking": {
      "type": "adaptive"
    },
    "output_config": {
      "effort": "medium"
    }
  }
}
