---
source: crates/agentgateway/src/import.rs
description: src/tests/import/litellm/cooldown-eviction.yaml
---
source: litellm
config:
  config:
    database:
      url: "sqlite://data.db"
  gateways:
    default:
      port: 4000
  ui:
    gateways: default
  llm:
    gateways: default
    models:
      - name: gpt-4o
        provider: openAI
        params:
          model: gpt-4o
        health:
          eviction:
            consecutiveFailures: 3
            duration: 60s
findings:
  - sourcePath: "model_list[0]"
    status: exact
    message: Imported model deployment for gpt-4o
  - sourcePath: router_settings.allowed_fails
    status: approximate
    message: Mapped LiteLLM allowed_fails to the model health eviction consecutiveFailures threshold; agentgateway counts consecutive failures rather than failures within a window
  - sourcePath: router_settings.cooldown_time
    status: approximate
    message: Mapped LiteLLM cooldown_time to the model health eviction duration
