---
source: crates/agentgateway/src/import.rs
description: src/tests/import/litellm/inbound-api-key-unsafe.yaml
---
source: litellm
config:
  config:
    database:
      url: "sqlite://data.db"
  gateways:
    default:
      port: 4000
  ui:
    gateways: default
  llm:
    gateways: default
    models:
      - name: chat
        provider: openAI
        params:
          model: gpt-4o
findings:
  - sourcePath: "model_list[0]"
    status: exact
    message: Imported model deployment for chat
  - sourcePath: general_settings.master_key
    status: manual
    message: Literal LiteLLM master_key was not emitted to avoid materializing an inbound secret; use os.environ/<NAME>
  - sourcePath: general_settings.litellm_key_header_name
    status: manual
    message: LiteLLM custom API-key header was not emitted because master_key is not environment-backed
