---
source: crates/llm/src/golden_tests.rs
description: src/tests/response/completions/stream-gemini_tool_calls_without_index.json
---
event: message_start
data: {"type":"message_start","message":{"id":"x7TEaqD0Eeet5OUPoYHGgQo","type":"message","role":"assistant","content":[],"model":"gemini-3.8-flash","stop_reason":null,"stop_sequence":null,"usage":{"input_tokens":0,"output_tokens":0}}}

event: content_block_start
data: {"type":"content_block_start","index":0,"content_block":{"type":"tool_use","id":"","name":"get_weather","input":{}}}

event: content_block_delta
data: {"type":"content_block_delta","index":0,"delta":{"type":"input_json_delta","partial_json":"{\"location\":\"Paris\"}"}}

event: content_block_start
data: {"type":"content_block_start","index":1,"content_block":{"type":"tool_use","id":"","name":"get_time","input":{}}}

event: content_block_stop
data: {"type":"content_block_stop","index":0}

event: content_block_stop
data: {"type":"content_block_stop","index":1}

event: message_delta
data: {"type":"message_delta","delta":{"stop_reason":"tool_use","stop_sequence":null},"usage":{"input_tokens":120,"output_tokens":40}}

event: message_stop
data: {"type":"message_stop"}



{
  "input_tokens": 120,
  "output_tokens": 40,
  "total_tokens": 160,
  "provider_model": "gemini-3.8-flash",
  "output_messages": [
    {
      "role": "assistant",
      "content": [
        {
          "type": "tool_call",
          "id": "call_575029",
          "name": "get_weather",
          "arguments": {
            "location": "Paris"
          }
        },
        {
          "type": "tool_call",
          "id": "call_575030",
          "name": "get_time",
          "arguments": {}
        }
      ],
      "finish_reason": "tool_use"
    }
  ]
}
