---
source: crates/llm/src/golden_tests.rs
description: src/tests/response/completions/stream-gemini_tool_calls_without_index.json
---
event: event
data: {"type":"response.created","sequence_number":1,"response":{"created_at":123,"id":"","model":"gemini-3.8-flash","object":"response","output":[],"status":"in_progress"}}

event: event
data: {"type":"response.in_progress","sequence_number":2,"response":{"created_at":123,"id":"","model":"gemini-3.8-flash","object":"response","output":[],"status":"in_progress"}}

event: event
data: {"type":"response.output_item.added","sequence_number":3,"output_index":0,"item":{"type":"message","content":[],"id":"","role":"assistant","status":"in_progress"}}

event: event
data: {"type":"response.output_item.added","sequence_number":4,"output_index":1,"item":{"type":"function_call","arguments":"","call_id":"call_xxx","name":"get_weather","id":"","status":"in_progress"}}

event: event
data: {"type":"response.function_call_arguments.delta","sequence_number":5,"item_id":"","output_index":1,"delta":"{\"location\":\"Paris\"}"}

event: event
data: {"type":"response.output_item.added","sequence_number":6,"output_index":2,"item":{"type":"function_call","arguments":"","call_id":"call_xxx","name":"get_time","id":"","status":"in_progress"}}

event: event
data: {"type":"response.function_call_arguments.done","name":"get_weather","sequence_number":7,"item_id":"","output_index":1,"arguments":"{\"location\":\"Paris\"}"}

event: event
data: {"type":"response.output_item.done","sequence_number":8,"output_index":1,"item":{"type":"function_call","arguments":"{\"location\":\"Paris\"}","call_id":"call_xxx","name":"get_weather","id":"","status":"completed"}}

event: event
data: {"type":"response.function_call_arguments.done","name":"get_time","sequence_number":9,"item_id":"","output_index":2,"arguments":""}

event: event
data: {"type":"response.output_item.done","sequence_number":10,"output_index":2,"item":{"type":"function_call","arguments":"","call_id":"call_xxx","name":"get_time","id":"","status":"completed"}}

event: event
data: {"type":"response.output_item.done","sequence_number":11,"output_index":0,"item":{"type":"message","content":[],"id":"","role":"assistant","status":"completed"}}

event: event
data: {"type":"response.completed","sequence_number":12,"response":{"created_at":123,"id":"","model":"gemini-3.8-flash","object":"response","output":[{"type":"message","content":[],"id":"","role":"assistant","status":"completed"},{"type":"function_call","arguments":"{\"location\":\"Paris\"}","call_id":"call_xxx","name":"get_weather","id":"","status":"completed"},{"type":"function_call","arguments":"","call_id":"call_xxx","name":"get_time","id":"","status":"completed"}],"status":"completed","usage":{"input_tokens":120,"input_tokens_details":{"cached_tokens":0},"output_tokens":40,"output_tokens_details":{"reasoning_tokens":0},"total_tokens":160}}}



{
  "input_tokens": 120,
  "output_tokens": 40,
  "total_tokens": 160,
  "provider_model": "gemini-3.8-flash",
  "completion": [
    ""
  ],
  "output_messages": [
    {
      "role": "assistant",
      "content": [
        {
          "type": "tool_call",
          "id": "call_575029",
          "name": "get_weather",
          "arguments": {
            "location": "Paris"
          }
        },
        {
          "type": "tool_call",
          "id": "call_575030",
          "name": "get_time",
          "arguments": {}
        }
      ],
      "finish_reason": "completed"
    }
  ]
}
